2026-08-07 12:01:56,547 [INFO] Starting run explore-current-campaign-20260807-120156 against /home/user/Documents/afl-output-libxml2 (instance=main)
2026-08-07 12:01:56,550 [INFO] target=/home/user/Documents/AFLPlus/libxml2-build/xmllint-afl target_args=['--noout', '@@']
2026-08-07 12:01:56,550 [INFO] plateau_log=/home/user/Documents/plateau_log.csv
2026-08-07 12:06:56,798 [INFO] Triggering cycle 1 (plateau_secs=28248, queue_size=12506)
2026-08-07 12:07:56,555 [INFO] Cycle 1 done: 0 injected, 0 error(s)
2026-08-07 12:12:56,664 [DEBUG] No cycle: plateau_secs=28549 queue_size=12506 llm_calls=1
2026-08-07 12:17:56,799 [DEBUG] No cycle: plateau_secs=28850 queue_size=12506 llm_calls=1
2026-08-07 12:22:56,901 [INFO] Triggering cycle 2 (plateau_secs=29150, queue_size=12506)
2026-08-07 12:23:53,958 [INFO] Cycle 2 done: 0 injected, 0 error(s)
2026-08-07 12:28:54,057 [DEBUG] No cycle: plateau_secs=29451 queue_size=12506 llm_calls=2
2026-08-07 12:33:54,141 [DEBUG] No cycle: plateau_secs=29751 queue_size=12506 llm_calls=2
2026-08-07 12:38:54,252 [INFO] Triggering cycle 3 (plateau_secs=30052, queue_size=12506)
2026-08-07 12:39:55,109 [INFO] Cycle 3 done: 0 injected, 0 error(s)
2026-08-07 12:44:55,270 [DEBUG] No cycle: plateau_secs=30653 queue_size=12506 llm_calls=3
2026-08-07 12:49:55,380 [DEBUG] No cycle: plateau_secs=30953 queue_size=12506 llm_calls=3
2026-08-07 12:54:55,515 [INFO] Triggering cycle 4 (plateau_secs=31254, queue_size=12507)
2026-08-07 12:55:52,312 [INFO] Cycle 4 done: 0 injected, 0 error(s)
2026-08-07 13:00:52,392 [DEBUG] No cycle: plateau_secs=31554 queue_size=12507 llm_calls=4
2026-08-07 13:05:52,500 [DEBUG] No cycle: plateau_secs=31855 queue_size=12507 llm_calls=4
2026-08-07 13:10:52,638 [INFO] Triggering cycle 5 (plateau_secs=32155, queue_size=12507)
2026-08-07 13:11:49,069 [INFO] Cycle 5 done: 0 injected, 0 error(s)
2026-08-07 13:16:49,197 [DEBUG] No cycle: plateau_secs=32456 queue_size=12507 llm_calls=5
2026-08-07 13:21:49,280 [DEBUG] No cycle: plateau_secs=32756 queue_size=12507 llm_calls=5
2026-08-07 13:26:49,376 [INFO] Triggering cycle 6 (plateau_secs=33057, queue_size=12507)
2026-08-07 13:27:46,687 [INFO] Cycle 6 done: 0 injected, 0 error(s)
2026-08-07 13:32:46,797 [DEBUG] No cycle: plateau_secs=33357 queue_size=12507 llm_calls=6
2026-08-07 13:37:46,892 [DEBUG] No cycle: plateau_secs=33658 queue_size=12507 llm_calls=6
2026-08-07 13:42:47,010 [INFO] Triggering cycle 7 (plateau_secs=33958, queue_size=12507)
2026-08-07 13:43:44,351 [INFO] Cycle 7 done: 0 injected, 0 error(s)
2026-08-07 13:48:44,430 [DEBUG] No cycle: plateau_secs=34259 queue_size=12507 llm_calls=7
2026-08-07 13:53:44,592 [DEBUG] No cycle: plateau_secs=34559 queue_size=12507 llm_calls=7
2026-08-07 13:58:44,743 [INFO] Triggering cycle 8 (plateau_secs=34860, queue_size=12507)
2026-08-07 13:59:41,932 [INFO] Cycle 8 done: 0 injected, 0 error(s)
2026-08-07 14:04:42,025 [DEBUG] No cycle: plateau_secs=35160 queue_size=12507 llm_calls=8
2026-08-07 14:09:42,199 [DEBUG] No cycle: plateau_secs=35461 queue_size=12507 llm_calls=8
2026-08-07 14:14:42,312 [INFO] Triggering cycle 9 (plateau_secs=35761, queue_size=12507)
2026-08-07 14:15:40,403 [INFO] Cycle 9 done: 0 injected, 0 error(s)
2026-08-07 14:20:40,497 [DEBUG] No cycle: plateau_secs=36362 queue_size=12507 llm_calls=9
2026-08-07 14:25:40,602 [DEBUG] No cycle: plateau_secs=36663 queue_size=12507 llm_calls=9
2026-08-07 14:30:40,708 [INFO] Triggering cycle 10 (plateau_secs=36963, queue_size=12507)
2026-08-07 14:31:36,954 [INFO] Cycle 10 done: 0 injected, 0 error(s)
2026-08-07 14:36:37,060 [DEBUG] No cycle: plateau_secs=37264 queue_size=12507 llm_calls=10
2026-08-07 14:41:37,172 [DEBUG] No cycle: plateau_secs=37564 queue_size=12507 llm_calls=10
2026-08-07 14:46:37,310 [INFO] Triggering cycle 11 (plateau_secs=37865, queue_size=12507)
2026-08-07 14:47:35,361 [INFO] Cycle 11 done: 0 injected, 0 error(s)
2026-08-07 14:52:35,485 [DEBUG] No cycle: plateau_secs=38165 queue_size=12507 llm_calls=11
2026-08-07 14:57:35,639 [DEBUG] No cycle: plateau_secs=38466 queue_size=12507 llm_calls=11
2026-08-07 15:02:35,763 [INFO] Triggering cycle 12 (plateau_secs=38767, queue_size=12508)
2026-08-07 15:03:33,082 [INFO] Cycle 12 done: 0 injected, 0 error(s)
2026-08-07 15:08:33,196 [DEBUG] No cycle: plateau_secs=39067 queue_size=12509 llm_calls=12
2026-08-07 15:13:33,290 [DEBUG] No cycle: plateau_secs=39369 queue_size=12509 llm_calls=12
2026-08-07 15:18:33,398 [INFO] Triggering cycle 13 (plateau_secs=39670, queue_size=12509)
2026-08-07 15:19:32,306 [INFO] Cycle 13 done: 0 injected, 0 error(s)
2026-08-07 15:24:32,451 [DEBUG] No cycle: plateau_secs=39970 queue_size=12509 llm_calls=13
2026-08-07 15:29:33,005 [DEBUG] No cycle: plateau_secs=40271 queue_size=12509 llm_calls=13
2026-08-07 15:34:33,135 [INFO] Triggering cycle 14 (plateau_secs=40572, queue_size=12509)
2026-08-07 15:35:31,407 [INFO] Cycle 14 done: 1 injected, 0 error(s)
2026-08-07 15:40:31,722 [DEBUG] No cycle: plateau_secs=41173 queue_size=12509 llm_calls=14
2026-08-07 15:45:31,931 [INFO] Resolved injection: cycle 14 candidate 4 -> main queue id 012509
2026-08-07 15:45:32,064 [DEBUG] No cycle: plateau_secs=0 queue_size=12511 llm_calls=14
2026-08-07 15:50:32,177 [DEBUG] No cycle: plateau_secs=300 queue_size=12511 llm_calls=14
2026-08-07 15:55:32,346 [DEBUG] No cycle: plateau_secs=600 queue_size=12511 llm_calls=14
2026-08-07 16:00:32,522 [INFO] Triggering cycle 15 (plateau_secs=901, queue_size=12511)
2026-08-07 16:01:30,540 [INFO] Cycle 15 done: 0 injected, 0 error(s)
2026-08-07 16:06:30,638 [DEBUG] No cycle: plateau_secs=1201 queue_size=12511 llm_calls=15
2026-08-07 16:11:30,797 [DEBUG] No cycle: plateau_secs=1502 queue_size=12511 llm_calls=15
2026-08-07 16:16:30,939 [INFO] Triggering cycle 16 (plateau_secs=1802, queue_size=12511)
2026-08-07 16:17:28,426 [INFO] Cycle 16 done: 0 injected, 0 error(s)
2026-08-07 16:22:28,519 [DEBUG] No cycle: plateau_secs=2103 queue_size=12511 llm_calls=16
2026-08-07 16:27:28,588 [DEBUG] No cycle: plateau_secs=2403 queue_size=12511 llm_calls=16
2026-08-07 16:32:28,680 [INFO] Triggering cycle 17 (plateau_secs=2704, queue_size=12511)
2026-08-07 16:33:25,989 [INFO] Cycle 17 done: 0 injected, 0 error(s)
2026-08-07 16:38:26,098 [DEBUG] No cycle: plateau_secs=3004 queue_size=12511 llm_calls=17
2026-08-07 16:43:26,192 [DEBUG] No cycle: plateau_secs=3304 queue_size=12512 llm_calls=17
2026-08-07 16:48:26,301 [INFO] Triggering cycle 18 (plateau_secs=3605, queue_size=12512)
2026-08-07 16:49:22,739 [INFO] Cycle 18 done: 0 injected, 0 error(s)
2026-08-07 16:54:22,845 [DEBUG] No cycle: plateau_secs=3905 queue_size=12512 llm_calls=18
2026-08-07 16:59:22,933 [DEBUG] No cycle: plateau_secs=4205 queue_size=12512 llm_calls=18
2026-08-07 17:04:23,037 [INFO] Triggering cycle 19 (plateau_secs=4506, queue_size=12512)
2026-08-07 17:05:20,068 [INFO] Cycle 19 done: 0 injected, 0 error(s)
2026-08-07 17:10:20,191 [DEBUG] No cycle: plateau_secs=5107 queue_size=12512 llm_calls=19
2026-08-07 17:15:20,315 [DEBUG] No cycle: plateau_secs=5407 queue_size=12512 llm_calls=19
2026-08-07 17:20:20,406 [INFO] Triggering cycle 20 (plateau_secs=5707, queue_size=12512)
2026-08-07 17:21:17,424 [INFO] Cycle 20 done: 0 injected, 0 error(s)
2026-08-07 17:26:17,557 [DEBUG] No cycle: plateau_secs=6008 queue_size=12512 llm_calls=20
2026-08-07 17:31:17,643 [DEBUG] No cycle: plateau_secs=6308 queue_size=12512 llm_calls=20
2026-08-07 17:36:17,796 [INFO] Triggering cycle 21 (plateau_secs=6609, queue_size=12512)
2026-08-07 17:37:15,955 [INFO] Cycle 21 done: 0 injected, 0 error(s)
2026-08-07 17:42:16,100 [DEBUG] No cycle: plateau_secs=6909 queue_size=12512 llm_calls=21
2026-08-07 17:47:16,221 [DEBUG] No cycle: plateau_secs=0 queue_size=12512 llm_calls=21
2026-08-07 17:52:16,314 [DEBUG] No cycle: plateau_secs=300 queue_size=12513 llm_calls=21
2026-08-07 17:57:16,438 [DEBUG] No cycle: plateau_secs=600 queue_size=12513 llm_calls=21
2026-08-07 18:02:16,548 [INFO] Triggering cycle 22 (plateau_secs=901, queue_size=12513)
2026-08-07 18:03:14,715 [INFO] Cycle 22 done: 0 injected, 0 error(s)
2026-08-07 18:08:14,825 [DEBUG] No cycle: plateau_secs=1202 queue_size=12513 llm_calls=22
2026-08-07 18:13:14,951 [DEBUG] No cycle: plateau_secs=1502 queue_size=12513 llm_calls=22
2026-08-07 18:18:15,050 [INFO] Triggering cycle 23 (plateau_secs=1803, queue_size=12513)
2026-08-07 18:19:13,115 [INFO] Cycle 23 done: 0 injected, 0 error(s)
2026-08-07 18:24:13,306 [DEBUG] No cycle: plateau_secs=2103 queue_size=12513 llm_calls=23
2026-08-07 18:29:13,408 [DEBUG] No cycle: plateau_secs=2404 queue_size=12513 llm_calls=23
2026-08-07 18:34:13,514 [INFO] Triggering cycle 24 (plateau_secs=2704, queue_size=12513)
2026-08-07 18:35:10,693 [INFO] Cycle 24 done: 0 injected, 0 error(s)
2026-08-07 18:40:10,825 [DEBUG] No cycle: plateau_secs=3005 queue_size=12513 llm_calls=24
2026-08-07 18:45:10,938 [DEBUG] No cycle: plateau_secs=3306 queue_size=12513 llm_calls=24
2026-08-07 18:50:11,025 [INFO] Triggering cycle 25 (plateau_secs=3606, queue_size=12513)
2026-08-07 18:51:08,890 [INFO] Cycle 25 done: 0 injected, 0 error(s)
2026-08-07 18:56:09,069 [DEBUG] No cycle: plateau_secs=4207 queue_size=12513 llm_calls=25
2026-08-07 19:01:09,227 [DEBUG] No cycle: plateau_secs=4508 queue_size=12513 llm_calls=25
2026-08-07 19:06:09,319 [INFO] Triggering cycle 26 (plateau_secs=4808, queue_size=12513)
2026-08-07 19:07:07,452 [INFO] Cycle 26 done: 0 injected, 0 error(s)
2026-08-07 19:12:07,576 [DEBUG] No cycle: plateau_secs=5109 queue_size=12513 llm_calls=26
2026-08-07 19:17:07,674 [DEBUG] No cycle: plateau_secs=5409 queue_size=12513 llm_calls=26
2026-08-07 19:22:07,823 [INFO] Triggering cycle 27 (plateau_secs=5710, queue_size=12513)
2026-08-07 19:23:06,774 [INFO] Cycle 27 done: 0 injected, 0 error(s)
2026-08-07 19:28:06,846 [DEBUG] No cycle: plateau_secs=6010 queue_size=12513 llm_calls=27
2026-08-07 19:33:06,966 [DEBUG] No cycle: plateau_secs=6311 queue_size=12513 llm_calls=27
2026-08-07 19:38:07,073 [INFO] Triggering cycle 28 (plateau_secs=6611, queue_size=12513)
2026-08-07 19:39:03,966 [INFO] Cycle 28 done: 0 injected, 0 error(s)
2026-08-07 19:44:04,058 [DEBUG] No cycle: plateau_secs=6912 queue_size=12513 llm_calls=28
2026-08-07 19:49:04,167 [DEBUG] No cycle: plateau_secs=7212 queue_size=12513 llm_calls=28
2026-08-07 19:54:04,281 [INFO] Triggering cycle 29 (plateau_secs=7513, queue_size=12513)
2026-08-07 19:55:02,556 [INFO] Cycle 29 done: 0 injected, 0 error(s)
2026-08-07 20:00:02,695 [DEBUG] No cycle: plateau_secs=7813 queue_size=12513 llm_calls=29
2026-08-07 20:05:02,834 [DEBUG] No cycle: plateau_secs=8114 queue_size=12513 llm_calls=29
2026-08-07 20:10:02,974 [INFO] Triggering cycle 30 (plateau_secs=8414, queue_size=12513)
2026-08-07 20:10:59,068 [INFO] Cycle 30 done: 0 injected, 0 error(s)
2026-08-07 20:15:59,212 [DEBUG] No cycle: plateau_secs=9015 queue_size=12513 llm_calls=30
2026-08-07 20:20:59,341 [DEBUG] No cycle: plateau_secs=9316 queue_size=12513 llm_calls=30
2026-08-07 20:25:59,432 [INFO] Triggering cycle 31 (plateau_secs=9616, queue_size=12513)
2026-08-07 20:26:57,347 [INFO] Cycle 31 done: 0 injected, 0 error(s)
2026-08-07 20:31:57,455 [DEBUG] No cycle: plateau_secs=9918 queue_size=12513 llm_calls=31
2026-08-07 20:36:57,559 [DEBUG] No cycle: plateau_secs=10218 queue_size=12513 llm_calls=31
2026-08-07 20:41:57,692 [INFO] Triggering cycle 32 (plateau_secs=10519, queue_size=12513)
2026-08-07 20:42:54,444 [INFO] Cycle 32 done: 0 injected, 0 error(s)
2026-08-07 20:47:54,600 [DEBUG] No cycle: plateau_secs=10819 queue_size=12513 llm_calls=32
2026-08-07 20:52:54,691 [DEBUG] No cycle: plateau_secs=11120 queue_size=12513 llm_calls=32
2026-08-07 20:57:54,836 [INFO] Triggering cycle 33 (plateau_secs=11420, queue_size=12513)
2026-08-07 20:58:52,568 [INFO] Cycle 33 done: 0 injected, 0 error(s)
2026-08-07 21:03:52,661 [DEBUG] No cycle: plateau_secs=11721 queue_size=12513 llm_calls=33
2026-08-07 21:08:52,733 [DEBUG] No cycle: plateau_secs=12021 queue_size=12513 llm_calls=33
2026-08-07 21:13:52,904 [INFO] Triggering cycle 34 (plateau_secs=12322, queue_size=12513)
2026-08-07 21:14:49,642 [INFO] Cycle 34 done: 0 injected, 0 error(s)
2026-08-07 21:19:49,748 [DEBUG] No cycle: plateau_secs=12622 queue_size=12513 llm_calls=34
2026-08-07 21:24:49,897 [DEBUG] No cycle: plateau_secs=12922 queue_size=12513 llm_calls=34
2026-08-07 21:29:50,041 [INFO] Triggering cycle 35 (plateau_secs=13223, queue_size=12513)
2026-08-07 21:30:46,914 [INFO] Cycle 35 done: 0 injected, 0 error(s)
2026-08-07 21:35:47,049 [DEBUG] No cycle: plateau_secs=13824 queue_size=12513 llm_calls=35
2026-08-07 21:40:47,148 [DEBUG] No cycle: plateau_secs=14125 queue_size=12513 llm_calls=35
2026-08-07 21:45:47,215 [INFO] Triggering cycle 36 (plateau_secs=14425, queue_size=12513)
2026-08-07 21:46:44,768 [INFO] Cycle 36 done: 0 injected, 0 error(s)
2026-08-07 21:51:44,863 [DEBUG] No cycle: plateau_secs=14726 queue_size=12513 llm_calls=36
2026-08-07 21:56:44,977 [DEBUG] No cycle: plateau_secs=15026 queue_size=12513 llm_calls=36
2026-08-07 22:01:45,073 [INFO] Triggering cycle 37 (plateau_secs=15327, queue_size=12513)
2026-08-07 22:02:42,389 [INFO] Cycle 37 done: 0 injected, 0 error(s)
2026-08-07 22:07:42,500 [DEBUG] No cycle: plateau_secs=15627 queue_size=12513 llm_calls=37
2026-08-07 22:12:42,676 [DEBUG] No cycle: plateau_secs=15928 queue_size=12513 llm_calls=37
2026-08-07 22:17:42,777 [INFO] Triggering cycle 38 (plateau_secs=16228, queue_size=12513)
2026-08-07 22:18:40,837 [INFO] Cycle 38 done: 0 injected, 0 error(s)
2026-08-07 22:23:40,929 [DEBUG] No cycle: plateau_secs=16529 queue_size=12514 llm_calls=38
2026-08-07 22:28:41,027 [DEBUG] No cycle: plateau_secs=16829 queue_size=12514 llm_calls=38
2026-08-07 22:33:41,128 [INFO] Triggering cycle 39 (plateau_secs=17130, queue_size=12514)
2026-08-07 22:34:38,243 [INFO] Cycle 39 done: 0 injected, 0 error(s)
2026-08-07 22:39:38,338 [DEBUG] No cycle: plateau_secs=17430 queue_size=12514 llm_calls=39
2026-08-07 22:44:38,488 [DEBUG] No cycle: plateau_secs=17731 queue_size=12514 llm_calls=39
2026-08-07 22:49:38,622 [INFO] Triggering cycle 40 (plateau_secs=18031, queue_size=12514)
2026-08-07 22:50:35,542 [INFO] Cycle 40 done: 0 injected, 0 error(s)
2026-08-07 22:55:35,620 [DEBUG] No cycle: plateau_secs=18333 queue_size=12514 llm_calls=40
2026-08-07 23:00:35,713 [DEBUG] No cycle: plateau_secs=18633 queue_size=12514 llm_calls=40
2026-08-07 23:05:35,849 [INFO] Triggering cycle 41 (plateau_secs=18934, queue_size=12514)
2026-08-07 23:06:32,945 [INFO] Cycle 41 done: 0 injected, 0 error(s)
2026-08-07 23:11:33,062 [DEBUG] No cycle: plateau_secs=19536 queue_size=12514 llm_calls=41
2026-08-07 23:16:33,224 [DEBUG] No cycle: plateau_secs=19836 queue_size=12514 llm_calls=41
2026-08-07 23:21:33,401 [INFO] Triggering cycle 42 (plateau_secs=20137, queue_size=12514)
2026-08-07 23:22:38,400 [INFO] Cycle 42 done: 0 injected, 0 error(s)
2026-08-07 23:27:38,467 [DEBUG] No cycle: plateau_secs=20438 queue_size=12515 llm_calls=42
2026-08-07 23:32:38,558 [DEBUG] No cycle: plateau_secs=20739 queue_size=12517 llm_calls=42
2026-08-07 23:37:38,651 [INFO] Triggering cycle 43 (plateau_secs=21039, queue_size=12517)
2026-08-07 23:38:45,326 [INFO] Cycle 43 done: 0 injected, 0 error(s)
2026-08-07 23:43:45,454 [DEBUG] No cycle: plateau_secs=21340 queue_size=12517 llm_calls=43
2026-08-07 23:48:45,604 [DEBUG] No cycle: plateau_secs=21641 queue_size=12517 llm_calls=43
2026-08-07 23:53:45,980 [INFO] Triggering cycle 44 (plateau_secs=21941, queue_size=12517)
2026-08-07 23:54:50,652 [INFO] Cycle 44 done: 0 injected, 0 error(s)
2026-08-07 23:59:51,096 [DEBUG] No cycle: plateau_secs=22242 queue_size=12517 llm_calls=44
2026-08-08 00:04:51,307 [DEBUG] No cycle: plateau_secs=22546 queue_size=12517 llm_calls=44
2026-08-08 00:09:51,573 [INFO] Triggering cycle 45 (plateau_secs=22847, queue_size=12517)
2026-08-08 00:11:13,551 [INFO] Cycle 45 done: 0 injected, 0 error(s)
2026-08-08 00:16:13,766 [DEBUG] No cycle: plateau_secs=23448 queue_size=12517 llm_calls=45
2026-08-08 00:21:13,876 [DEBUG] No cycle: plateau_secs=23749 queue_size=12517 llm_calls=45
2026-08-08 00:26:13,999 [INFO] Triggering cycle 46 (plateau_secs=24050, queue_size=12517)
2026-08-08 00:27:24,907 [INFO] Cycle 46 done: 0 injected, 0 error(s)
2026-08-08 00:32:25,079 [DEBUG] No cycle: plateau_secs=24350 queue_size=12518 llm_calls=46
2026-08-08 00:37:25,339 [DEBUG] No cycle: plateau_secs=24651 queue_size=12518 llm_calls=46
2026-08-08 00:42:25,461 [INFO] Triggering cycle 47 (plateau_secs=24952, queue_size=12518)
2026-08-08 00:43:37,884 [INFO] Cycle 47 done: 0 injected, 0 error(s)
2026-08-08 00:48:38,278 [DEBUG] No cycle: plateau_secs=25253 queue_size=12518 llm_calls=47
2026-08-08 00:53:38,446 [DEBUG] No cycle: plateau_secs=25557 queue_size=12518 llm_calls=47
2026-08-08 00:58:38,884 [INFO] Triggering cycle 48 (plateau_secs=25858, queue_size=12518)
2026-08-08 01:00:05,223 [INFO] Cycle 48 done: 0 injected, 0 error(s)
2026-08-08 01:05:05,340 [DEBUG] No cycle: plateau_secs=26159 queue_size=12518 llm_calls=48
2026-08-08 01:10:05,436 [DEBUG] No cycle: plateau_secs=26461 queue_size=12518 llm_calls=48
2026-08-08 01:15:05,529 [INFO] Triggering cycle 49 (plateau_secs=26762, queue_size=12518)
2026-08-08 01:16:03,187 [INFO] Cycle 49 done: 0 injected, 0 error(s)
2026-08-08 01:21:03,333 [DEBUG] No cycle: plateau_secs=27063 queue_size=12518 llm_calls=49
2026-08-08 01:26:03,441 [DEBUG] No cycle: plateau_secs=27363 queue_size=12518 llm_calls=49
2026-08-08 01:31:03,572 [INFO] Triggering cycle 50 (plateau_secs=27664, queue_size=12518)
2026-08-08 01:32:03,184 [INFO] Cycle 50 done: 0 injected, 0 error(s)
2026-08-08 01:37:03,394 [DEBUG] No cycle: plateau_secs=28265 queue_size=12518 llm_calls=50
2026-08-08 01:42:03,640 [DEBUG] No cycle: plateau_secs=28566 queue_size=12518 llm_calls=50
2026-08-08 01:47:03,757 [INFO] Triggering cycle 51 (plateau_secs=28867, queue_size=12518)
2026-08-08 01:48:06,896 [INFO] Cycle 51 done: 0 injected, 0 error(s)
2026-08-08 01:53:06,983 [DEBUG] No cycle: plateau_secs=29167 queue_size=12518 llm_calls=51
2026-08-08 01:58:07,069 [DEBUG] No cycle: plateau_secs=29468 queue_size=12518 llm_calls=51
2026-08-08 02:03:07,521 [INFO] Triggering cycle 52 (plateau_secs=29769, queue_size=12518)
2026-08-08 02:04:11,793 [INFO] Cycle 52 done: 0 injected, 0 error(s)
2026-08-08 02:09:11,883 [DEBUG] No cycle: plateau_secs=30071 queue_size=12518 llm_calls=52
2026-08-08 02:14:11,986 [DEBUG] No cycle: plateau_secs=30372 queue_size=12518 llm_calls=52
2026-08-08 02:19:12,139 [INFO] Triggering cycle 53 (plateau_secs=30673, queue_size=12518)
2026-08-08 02:20:19,384 [INFO] Cycle 53 done: 0 injected, 0 error(s)
2026-08-08 02:25:19,514 [DEBUG] No cycle: plateau_secs=30973 queue_size=12518 llm_calls=53
2026-08-08 02:30:19,624 [DEBUG] No cycle: plateau_secs=31274 queue_size=12518 llm_calls=53
2026-08-08 02:35:19,755 [INFO] Triggering cycle 54 (plateau_secs=31574, queue_size=12518)
2026-08-08 02:36:24,557 [INFO] Cycle 54 done: 0 injected, 0 error(s)
2026-08-08 02:41:24,708 [DEBUG] No cycle: plateau_secs=32176 queue_size=12518 llm_calls=54
2026-08-08 02:46:24,825 [DEBUG] No cycle: plateau_secs=32476 queue_size=12519 llm_calls=54
2026-08-08 02:51:24,953 [INFO] Triggering cycle 55 (plateau_secs=32777, queue_size=12519)
2026-08-08 02:52:29,070 [INFO] Cycle 55 done: 0 injected, 0 error(s)
2026-08-08 02:57:29,265 [DEBUG] No cycle: plateau_secs=0 queue_size=12519 llm_calls=55
2026-08-08 03:02:29,397 [DEBUG] No cycle: plateau_secs=300 queue_size=12519 llm_calls=55
2026-08-08 03:07:29,486 [DEBUG] No cycle: plateau_secs=601 queue_size=12519 llm_calls=55
2026-08-08 03:12:29,695 [INFO] Triggering cycle 56 (plateau_secs=901, queue_size=12519)
2026-08-08 03:13:46,446 [INFO] Cycle 56 done: 0 injected, 0 error(s)
2026-08-08 03:18:46,597 [DEBUG] No cycle: plateau_secs=1202 queue_size=12519 llm_calls=56
2026-08-08 03:23:46,703 [DEBUG] No cycle: plateau_secs=1503 queue_size=12519 llm_calls=56
2026-08-08 03:28:46,837 [INFO] Triggering cycle 57 (plateau_secs=1803, queue_size=12519)
2026-08-08 03:29:54,363 [INFO] Cycle 57 done: 0 injected, 0 error(s)
2026-08-08 03:34:54,481 [DEBUG] No cycle: plateau_secs=2104 queue_size=12519 llm_calls=57
2026-08-08 03:39:54,569 [DEBUG] No cycle: plateau_secs=2405 queue_size=12519 llm_calls=57
2026-08-08 03:44:54,702 [INFO] Triggering cycle 58 (plateau_secs=2705, queue_size=12519)
2026-08-08 03:46:00,915 [INFO] Cycle 58 done: 0 injected, 0 error(s)
2026-08-08 03:51:01,007 [DEBUG] No cycle: plateau_secs=3006 queue_size=12519 llm_calls=58
2026-08-08 03:56:01,101 [DEBUG] No cycle: plateau_secs=3307 queue_size=12519 llm_calls=58
2026-08-08 04:01:01,193 [INFO] Triggering cycle 59 (plateau_secs=3607, queue_size=12519)
2026-08-08 04:01:59,629 [INFO] Cycle 59 done: 0 injected, 0 error(s)
2026-08-08 04:06:59,810 [DEBUG] No cycle: plateau_secs=4208 queue_size=12519 llm_calls=59
2026-08-08 04:11:59,917 [DEBUG] No cycle: plateau_secs=4509 queue_size=12519 llm_calls=59
2026-08-08 04:17:00,040 [INFO] Triggering cycle 60 (plateau_secs=4809, queue_size=12519)
2026-08-08 04:17:58,963 [INFO] Cycle 60 done: 0 injected, 0 error(s)
2026-08-08 04:22:59,126 [DEBUG] No cycle: plateau_secs=5110 queue_size=12519 llm_calls=60
2026-08-08 04:27:59,240 [DEBUG] No cycle: plateau_secs=5410 queue_size=12519 llm_calls=60
2026-08-08 04:32:59,330 [INFO] Triggering cycle 61 (plateau_secs=5711, queue_size=12519)
2026-08-08 04:33:57,039 [INFO] Cycle 61 done: 0 injected, 0 error(s)
2026-08-08 04:38:57,146 [DEBUG] No cycle: plateau_secs=6011 queue_size=12519 llm_calls=61
2026-08-08 04:43:57,257 [DEBUG] No cycle: plateau_secs=6312 queue_size=12519 llm_calls=61
2026-08-08 04:48:57,367 [INFO] Triggering cycle 62 (plateau_secs=6612, queue_size=12519)
2026-08-08 04:49:55,616 [INFO] Cycle 62 done: 0 injected, 0 error(s)
2026-08-08 04:54:55,705 [DEBUG] No cycle: plateau_secs=6913 queue_size=12519 llm_calls=62
2026-08-08 04:59:55,847 [DEBUG] No cycle: plateau_secs=7213 queue_size=12519 llm_calls=62
2026-08-08 05:04:55,967 [INFO] Triggering cycle 63 (plateau_secs=7514, queue_size=12519)
2026-08-08 05:05:55,877 [INFO] Cycle 63 done: 0 injected, 0 error(s)
2026-08-08 05:10:55,977 [DEBUG] No cycle: plateau_secs=7814 queue_size=12520 llm_calls=63
2026-08-08 05:15:56,142 [DEBUG] No cycle: plateau_secs=8115 queue_size=12520 llm_calls=63
2026-08-08 05:20:56,280 [INFO] Triggering cycle 64 (plateau_secs=8416, queue_size=12520)
2026-08-08 05:21:54,999 [INFO] Cycle 64 done: 0 injected, 0 error(s)
2026-08-08 05:26:55,110 [DEBUG] No cycle: plateau_secs=9017 queue_size=12520 llm_calls=64
2026-08-08 05:31:55,243 [DEBUG] No cycle: plateau_secs=9318 queue_size=12520 llm_calls=64
2026-08-08 05:36:55,335 [INFO] Triggering cycle 65 (plateau_secs=9619, queue_size=12520)
2026-08-08 05:37:54,616 [INFO] Cycle 65 done: 0 injected, 0 error(s)
2026-08-08 05:42:54,709 [DEBUG] No cycle: plateau_secs=9920 queue_size=12520 llm_calls=65
2026-08-08 05:47:54,831 [DEBUG] No cycle: plateau_secs=10220 queue_size=12520 llm_calls=65
2026-08-08 05:52:54,960 [INFO] Triggering cycle 66 (plateau_secs=10521, queue_size=12520)
2026-08-08 05:53:55,625 [INFO] Cycle 66 done: 0 injected, 0 error(s)
2026-08-08 05:58:55,838 [DEBUG] No cycle: plateau_secs=10821 queue_size=12520 llm_calls=66
2026-08-08 06:03:56,082 [DEBUG] No cycle: plateau_secs=11122 queue_size=12520 llm_calls=66
2026-08-08 06:08:56,227 [INFO] Triggering cycle 67 (plateau_secs=11422, queue_size=12520)
2026-08-08 06:09:53,943 [INFO] Cycle 67 done: 0 injected, 0 error(s)
2026-08-08 06:14:54,047 [DEBUG] No cycle: plateau_secs=11723 queue_size=12520 llm_calls=67
2026-08-08 06:19:54,182 [DEBUG] No cycle: plateau_secs=12023 queue_size=12520 llm_calls=67
2026-08-08 06:24:54,330 [INFO] Triggering cycle 68 (plateau_secs=12324, queue_size=12520)
2026-08-08 06:25:54,568 [INFO] Cycle 68 done: 0 injected, 0 error(s)
2026-08-08 06:30:54,894 [DEBUG] No cycle: plateau_secs=12625 queue_size=12520 llm_calls=68
2026-08-08 06:35:55,026 [DEBUG] No cycle: plateau_secs=12928 queue_size=12520 llm_calls=68
2026-08-08 06:40:55,137 [INFO] Triggering cycle 69 (plateau_secs=13229, queue_size=12520)
2026-08-08 06:41:55,068 [INFO] Cycle 69 done: 0 injected, 0 error(s)
2026-08-08 06:46:55,193 [DEBUG] No cycle: plateau_secs=13830 queue_size=12520 llm_calls=69
2026-08-08 06:51:55,287 [DEBUG] No cycle: plateau_secs=14131 queue_size=12520 llm_calls=69
2026-08-08 06:56:55,409 [INFO] Triggering cycle 70 (plateau_secs=14131, queue_size=12520)
2026-08-08 06:57:53,111 [INFO] Cycle 70 done: 0 injected, 0 error(s)
2026-08-08 07:02:53,189 [DEBUG] No cycle: plateau_secs=14732 queue_size=12520 llm_calls=70
2026-08-08 07:07:53,283 [DEBUG] No cycle: plateau_secs=15033 queue_size=12520 llm_calls=70
2026-08-08 07:12:53,378 [INFO] Triggering cycle 71 (plateau_secs=15333, queue_size=12520)
2026-08-08 07:13:54,273 [INFO] Cycle 71 done: 0 injected, 0 error(s)
2026-08-08 07:18:54,408 [DEBUG] No cycle: plateau_secs=15635 queue_size=12520 llm_calls=71
2026-08-08 07:23:54,528 [DEBUG] No cycle: plateau_secs=15936 queue_size=12520 llm_calls=71
2026-08-08 07:28:54,689 [INFO] Triggering cycle 72 (plateau_secs=16236, queue_size=12520)
2026-08-08 07:29:52,136 [INFO] Cycle 72 done: 0 injected, 0 error(s)
2026-08-08 07:34:52,254 [DEBUG] No cycle: plateau_secs=16537 queue_size=12520 llm_calls=72
2026-08-08 07:39:52,393 [DEBUG] No cycle: plateau_secs=16837 queue_size=12520 llm_calls=72
2026-08-08 07:44:52,549 [INFO] Triggering cycle 73 (plateau_secs=17138, queue_size=12520)
2026-08-08 07:45:52,327 [INFO] Cycle 73 done: 0 injected, 0 error(s)
2026-08-08 07:50:52,416 [DEBUG] No cycle: plateau_secs=17438 queue_size=12520 llm_calls=73
2026-08-08 07:55:52,555 [DEBUG] No cycle: plateau_secs=17739 queue_size=12520 llm_calls=73
2026-08-08 08:00:52,696 [INFO] Triggering cycle 74 (plateau_secs=18039, queue_size=12520)
2026-08-08 08:01:52,011 [INFO] Cycle 74 done: 0 injected, 0 error(s)
2026-08-08 08:06:52,111 [DEBUG] No cycle: plateau_secs=18339 queue_size=12520 llm_calls=74
2026-08-08 08:11:52,196 [DEBUG] No cycle: plateau_secs=18640 queue_size=12520 llm_calls=74
2026-08-08 08:16:52,266 [INFO] Triggering cycle 75 (plateau_secs=18940, queue_size=12520)
2026-08-08 08:17:50,551 [INFO] Cycle 75 done: 0 injected, 0 error(s)
2026-08-08 08:22:50,673 [DEBUG] No cycle: plateau_secs=19541 queue_size=12520 llm_calls=75
2026-08-08 08:27:50,774 [DEBUG] No cycle: plateau_secs=19842 queue_size=12520 llm_calls=75
2026-08-08 08:32:50,940 [INFO] Triggering cycle 76 (plateau_secs=20142, queue_size=12521)
2026-08-08 08:33:49,799 [INFO] Cycle 76 done: 0 injected, 0 error(s)
2026-08-08 08:38:49,898 [DEBUG] No cycle: plateau_secs=20442 queue_size=12521 llm_calls=76
2026-08-08 08:43:50,032 [DEBUG] No cycle: plateau_secs=20743 queue_size=12521 llm_calls=76
2026-08-08 08:48:50,198 [INFO] Triggering cycle 77 (plateau_secs=21043, queue_size=12521)
2026-08-08 08:49:56,843 [INFO] Cycle 77 done: 0 injected, 0 error(s)
2026-08-08 08:54:56,986 [DEBUG] No cycle: plateau_secs=21344 queue_size=12521 llm_calls=77
2026-08-08 08:59:57,110 [DEBUG] No cycle: plateau_secs=21645 queue_size=12521 llm_calls=77
2026-08-08 09:04:57,229 [INFO] Triggering cycle 78 (plateau_secs=21945, queue_size=12521)
2026-08-08 09:06:08,198 [INFO] Cycle 78 done: 0 injected, 0 error(s)
2026-08-08 09:11:08,319 [DEBUG] No cycle: plateau_secs=22246 queue_size=12521 llm_calls=78
2026-08-08 09:16:08,490 [DEBUG] No cycle: plateau_secs=22547 queue_size=12522 llm_calls=78
2026-08-08 09:21:08,626 [INFO] Triggering cycle 79 (plateau_secs=22847, queue_size=12522)
2026-08-08 09:22:15,376 [INFO] Cycle 79 done: 0 injected, 0 error(s)
2026-08-08 09:27:15,682 [DEBUG] No cycle: plateau_secs=23449 queue_size=12523 llm_calls=79
2026-08-08 09:32:15,824 [DEBUG] No cycle: plateau_secs=23749 queue_size=12523 llm_calls=79
2026-08-08 09:37:15,963 [INFO] Triggering cycle 80 (plateau_secs=24050, queue_size=12523)
2026-08-08 09:38:18,373 [INFO] Cycle 80 done: 0 injected, 0 error(s)
2026-08-08 09:43:18,554 [DEBUG] No cycle: plateau_secs=24350 queue_size=12523 llm_calls=80
2026-08-08 09:48:18,714 [DEBUG] No cycle: plateau_secs=24651 queue_size=12523 llm_calls=80
2026-08-08 09:53:19,000 [INFO] Triggering cycle 81 (plateau_secs=24958, queue_size=12523)
2026-08-08 09:54:21,754 [INFO] Cycle 81 done: 0 injected, 0 error(s)
2026-08-08 09:59:21,843 [DEBUG] No cycle: plateau_secs=25259 queue_size=12523 llm_calls=81
2026-08-08 10:04:21,937 [DEBUG] No cycle: plateau_secs=25560 queue_size=12523 llm_calls=81
2026-08-08 10:09:22,035 [INFO] Triggering cycle 82 (plateau_secs=25860, queue_size=12523)
2026-08-08 10:10:24,820 [INFO] Cycle 82 done: 0 injected, 0 error(s)
2026-08-08 10:15:24,923 [DEBUG] No cycle: plateau_secs=26162 queue_size=12523 llm_calls=82
2026-08-08 10:20:25,188 [DEBUG] No cycle: plateau_secs=26463 queue_size=12523 llm_calls=82
2026-08-08 10:25:25,273 [INFO] Triggering cycle 83 (plateau_secs=26764, queue_size=12523)
2026-08-08 10:26:27,068 [INFO] Cycle 83 done: 0 injected, 0 error(s)
2026-08-08 10:31:27,156 [DEBUG] No cycle: plateau_secs=27065 queue_size=12523 llm_calls=83
2026-08-08 10:36:27,403 [DEBUG] No cycle: plateau_secs=27365 queue_size=12523 llm_calls=83
2026-08-08 10:41:27,514 [INFO] Triggering cycle 84 (plateau_secs=27665, queue_size=12523)
2026-08-08 10:42:31,873 [INFO] Cycle 84 done: 0 injected, 0 error(s)
2026-08-08 10:47:32,207 [DEBUG] No cycle: plateau_secs=28266 queue_size=12523 llm_calls=84
2026-08-08 10:52:32,322 [DEBUG] No cycle: plateau_secs=28567 queue_size=12523 llm_calls=84
2026-08-08 10:57:32,530 [INFO] Triggering cycle 85 (plateau_secs=28867, queue_size=12523)
2026-08-08 10:58:36,134 [INFO] Cycle 85 done: 0 injected, 0 error(s)
2026-08-08 11:03:36,261 [DEBUG] No cycle: plateau_secs=29168 queue_size=12523 llm_calls=85
2026-08-08 11:08:36,401 [DEBUG] No cycle: plateau_secs=29468 queue_size=12523 llm_calls=85
2026-08-08 11:13:36,513 [INFO] Triggering cycle 86 (plateau_secs=29769, queue_size=12523)
2026-08-08 11:14:33,885 [INFO] Cycle 86 done: 0 injected, 0 error(s)
2026-08-08 11:19:34,042 [DEBUG] No cycle: plateau_secs=30069 queue_size=12523 llm_calls=86
2026-08-08 11:24:34,201 [DEBUG] No cycle: plateau_secs=30369 queue_size=12523 llm_calls=86
2026-08-08 11:29:34,377 [INFO] Triggering cycle 87 (plateau_secs=30670, queue_size=12523)
2026-08-08 11:30:31,970 [INFO] Cycle 87 done: 0 injected, 0 error(s)
2026-08-08 11:35:32,111 [DEBUG] No cycle: plateau_secs=30971 queue_size=12523 llm_calls=87
2026-08-08 11:40:32,232 [DEBUG] No cycle: plateau_secs=31271 queue_size=12523 llm_calls=87
2026-08-08 11:45:32,352 [INFO] Triggering cycle 88 (plateau_secs=31571, queue_size=12523)
2026-08-08 11:46:33,412 [INFO] Cycle 88 done: 0 injected, 0 error(s)
2026-08-08 11:51:33,492 [DEBUG] No cycle: plateau_secs=31872 queue_size=12523 llm_calls=88
2026-08-08 11:56:33,588 [DEBUG] No cycle: plateau_secs=32172 queue_size=12523 llm_calls=88
2026-08-08 12:01:33,686 [INFO] Triggering cycle 89 (plateau_secs=32473, queue_size=12523)
2026-08-08 12:02:45,789 [INFO] Cycle 89 done: 0 injected, 0 error(s)
2026-08-08 12:02:45,789 [INFO] Run duration elapsed, stopping.
2026-08-08 12:02:45,790 [INFO] Run explore-current-campaign-20260807-120156 ended: 89 cycles, 1 injected, 0 unresolved.
