2026-09-03 06:20:04,759 [INFO] Starting run xml-run-20260903-062004 against /home/user/Documents/1git-folder/AgentAFL/afl-output-libxml2 (instance=main)
2026-09-03 06:20:04,760 [INFO] format='XML document' seed_kind=text seed_ext=.xml
2026-09-03 06:20:04,761 [INFO] target=/home/user/Documents/1git-folder/AgentAFL/AFLPlus/libxml2-build/xmllint-afl target_args=['--noout', '@@']
2026-09-03 06:20:04,761 [INFO] plateau_log=/home/user/Documents/1git-folder/AgentAFL/plateau_log_libxml2.csv
2026-09-03 06:25:04,898 [DEBUG] No cycle: plateau_secs=304 queue_size=12542 llm_calls=0
2026-09-03 06:30:05,163 [DEBUG] No cycle: plateau_secs=606 queue_size=12542 llm_calls=0
2026-09-03 06:35:05,380 [INFO] Triggering cycle 1 (plateau_secs=910, queue_size=12544)
2026-09-03 06:36:30,530 [INFO] Cycle 1 done: 5/5 materialized, 0 showed new coverage, 5 injected, 0 error(s)
2026-09-03 06:41:30,863 [INFO] Triggering cycle 2 (plateau_secs=1275, queue_size=12544)
2026-09-03 06:42:57,434 [INFO] Cycle 2 done: 5/5 materialized, 0 showed new coverage, 5 injected, 0 error(s)
2026-09-03 06:47:57,638 [INFO] Triggering cycle 3 (plateau_secs=1639, queue_size=12544)
2026-09-03 06:49:21,767 [INFO] Cycle 3 done: 5/5 materialized, 0 showed new coverage, 5 injected, 0 error(s)
2026-09-03 06:54:21,963 [INFO] Triggering cycle 4 (plateau_secs=2064, queue_size=12544)
2026-09-03 06:55:42,761 [INFO] Cycle 4 done: 5/5 materialized, 0 showed new coverage, 5 injected, 0 error(s)
2026-09-03 07:00:42,857 [INFO] Triggering cycle 5 (plateau_secs=2428, queue_size=12545)
2026-09-03 07:02:06,439 [INFO] Cycle 5 done: 5/5 materialized, 0 showed new coverage, 5 injected, 0 error(s)
2026-09-03 07:07:06,619 [INFO] Triggering cycle 6 (plateau_secs=2793, queue_size=12546)
2026-09-03 07:08:31,274 [INFO] Cycle 6 done: 5/5 materialized, 0 showed new coverage, 5 injected, 0 error(s)
2026-09-03 07:13:31,399 [INFO] Triggering cycle 7 (plateau_secs=3218, queue_size=12546)
2026-09-03 07:14:46,822 [INFO] Cycle 7 done: 5/5 materialized, 1 showed new coverage, 5 injected, 0 error(s)
2026-09-03 07:19:46,988 [INFO] Triggering cycle 8 (plateau_secs=3582, queue_size=12546)
2026-09-03 07:21:06,160 [INFO] Cycle 8 done: 5/5 materialized, 0 showed new coverage, 5 injected, 0 error(s)
2026-09-03 07:26:06,399 [DEBUG] No cycle: plateau_secs=121 queue_size=12547 llm_calls=8
2026-09-03 07:31:06,638 [DEBUG] No cycle: plateau_secs=424 queue_size=12547 llm_calls=8
2026-09-03 07:36:07,001 [DEBUG] No cycle: plateau_secs=728 queue_size=12547 llm_calls=8
2026-09-03 07:41:07,161 [INFO] Triggering cycle 9 (plateau_secs=1031, queue_size=12547)
2026-09-03 07:42:54,269 [INFO] Cycle 9 done: 5/5 materialized, 0 showed new coverage, 5 injected, 0 error(s)
2026-09-03 07:47:54,530 [INFO] Triggering cycle 10 (plateau_secs=1457, queue_size=12548)
2026-09-03 07:49:49,479 [INFO] Cycle 10 done: 5/5 materialized, 0 showed new coverage, 5 injected, 0 error(s)
2026-09-03 07:54:49,597 [INFO] Triggering cycle 11 (plateau_secs=1821, queue_size=12548)
2026-09-03 07:56:08,572 [INFO] Cycle 11 done: 5/5 materialized, 0 showed new coverage, 5 injected, 0 error(s)
2026-09-03 08:01:08,794 [INFO] Triggering cycle 12 (plateau_secs=2246, queue_size=12548)
2026-09-03 08:02:56,482 [INFO] Cycle 12 done: 5/5 materialized, 0 showed new coverage, 5 injected, 0 error(s)
2026-09-03 08:07:56,611 [INFO] Triggering cycle 13 (plateau_secs=2609, queue_size=12548)
2026-09-03 08:09:19,720 [INFO] Cycle 13 done: 5/5 materialized, 0 showed new coverage, 5 injected, 0 error(s)
2026-09-03 08:14:19,789 [INFO] Triggering cycle 14 (plateau_secs=3033, queue_size=12548)
2026-09-03 08:16:04,900 [INFO] Cycle 14 done: 5/5 materialized, 0 showed new coverage, 5 injected, 0 error(s)
2026-09-03 08:21:05,139 [INFO] Triggering cycle 15 (plateau_secs=3396, queue_size=12548)
2026-09-03 08:22:23,629 [INFO] Cycle 15 done: 5/5 materialized, 0 showed new coverage, 5 injected, 0 error(s)
2026-09-03 08:27:23,736 [INFO] Triggering cycle 16 (plateau_secs=3821, queue_size=12548)
2026-09-03 08:28:42,626 [INFO] Cycle 16 done: 5/5 materialized, 0 showed new coverage, 5 injected, 0 error(s)
2026-09-03 08:33:42,715 [INFO] Triggering cycle 17 (plateau_secs=4183, queue_size=12548)
2026-09-03 08:34:53,085 [INFO] Cycle 17 done: 5/5 materialized, 0 showed new coverage, 5 injected, 0 error(s)
2026-09-03 08:39:53,511 [INFO] Triggering cycle 18 (plateau_secs=4549, queue_size=12549)
2026-09-03 08:41:10,663 [INFO] Cycle 18 done: 5/5 materialized, 0 showed new coverage, 5 injected, 0 error(s)
2026-09-03 08:46:10,802 [INFO] Triggering cycle 19 (plateau_secs=4912, queue_size=12549)
2026-09-03 08:47:18,826 [INFO] Cycle 19 done: 5/5 materialized, 0 showed new coverage, 5 injected, 0 error(s)
2026-09-03 08:52:18,970 [INFO] Triggering cycle 20 (plateau_secs=5277, queue_size=12549)
2026-09-03 08:53:37,001 [INFO] Cycle 20 done: 5/5 materialized, 0 showed new coverage, 5 injected, 0 error(s)
2026-09-03 08:58:37,074 [INFO] Triggering cycle 21 (plateau_secs=5700, queue_size=12550)
2026-09-03 08:59:37,260 [INFO] Cycle 21 done: 5/5 materialized, 0 showed new coverage, 5 injected, 0 error(s)
2026-09-03 09:04:37,813 [INFO] Triggering cycle 22 (plateau_secs=6064, queue_size=12550)
2026-09-03 09:05:37,581 [INFO] Cycle 22 done: 5/5 materialized, 0 showed new coverage, 5 injected, 0 error(s)
2026-09-03 09:10:37,710 [INFO] Triggering cycle 23 (plateau_secs=6366, queue_size=12550)
2026-09-03 09:11:37,859 [INFO] Cycle 23 done: 5/5 materialized, 0 showed new coverage, 5 injected, 0 error(s)
2026-09-03 09:16:38,009 [INFO] Triggering cycle 24 (plateau_secs=6729, queue_size=12550)
2026-09-03 09:17:41,352 [INFO] Cycle 24 done: 5/5 materialized, 0 showed new coverage, 5 injected, 0 error(s)
2026-09-03 09:22:41,524 [INFO] Triggering cycle 25 (plateau_secs=7094, queue_size=12550)
2026-09-03 09:23:42,084 [INFO] Cycle 25 done: 5/5 materialized, 0 showed new coverage, 5 injected, 0 error(s)
2026-09-03 09:28:42,196 [INFO] Triggering cycle 26 (plateau_secs=7458, queue_size=12551)
2026-09-03 09:29:41,937 [INFO] Cycle 26 done: 5/5 materialized, 0 showed new coverage, 5 injected, 0 error(s)
2026-09-03 09:34:42,039 [INFO] Triggering cycle 27 (plateau_secs=7822, queue_size=12551)
2026-09-03 09:35:42,933 [INFO] Cycle 27 done: 5/5 materialized, 0 showed new coverage, 5 injected, 0 error(s)
2026-09-03 09:40:43,020 [INFO] Triggering cycle 28 (plateau_secs=8186, queue_size=12551)
2026-09-03 09:41:44,549 [INFO] Cycle 28 done: 5/5 materialized, 0 showed new coverage, 5 injected, 0 error(s)
2026-09-03 09:46:44,668 [INFO] Triggering cycle 29 (plateau_secs=8549, queue_size=12551)
2026-09-03 09:47:44,896 [INFO] Cycle 29 done: 5/5 materialized, 0 showed new coverage, 5 injected, 0 error(s)
2026-09-03 09:52:45,031 [INFO] Triggering cycle 30 (plateau_secs=8912, queue_size=12551)
2026-09-03 09:53:47,197 [INFO] Cycle 30 done: 5/5 materialized, 0 showed new coverage, 5 injected, 0 error(s)
2026-09-03 09:58:47,384 [INFO] Triggering cycle 31 (plateau_secs=9276, queue_size=12551)
2026-09-03 10:00:13,781 [INFO] Cycle 31 done: 5/5 materialized, 0 showed new coverage, 5 injected, 0 error(s)
2026-09-03 10:05:13,846 [INFO] Triggering cycle 32 (plateau_secs=9699, queue_size=12551)
2026-09-03 10:06:52,413 [INFO] Cycle 32 done: 5/5 materialized, 0 showed new coverage, 5 injected, 0 error(s)
2026-09-03 10:11:52,518 [INFO] Triggering cycle 33 (plateau_secs=10062, queue_size=12551)
2026-09-03 10:12:54,173 [INFO] Cycle 33 done: 5/5 materialized, 0 showed new coverage, 5 injected, 0 error(s)
2026-09-03 10:17:54,271 [INFO] Triggering cycle 34 (plateau_secs=10425, queue_size=12551)
2026-09-03 10:18:57,453 [INFO] Cycle 34 done: 5/5 materialized, 0 showed new coverage, 5 injected, 0 error(s)
2026-09-03 10:23:57,598 [INFO] Triggering cycle 35 (plateau_secs=10788, queue_size=12551)
2026-09-03 10:24:57,654 [INFO] Cycle 35 done: 5/5 materialized, 0 showed new coverage, 5 injected, 0 error(s)
2026-09-03 10:29:57,744 [INFO] Triggering cycle 36 (plateau_secs=11152, queue_size=12551)
2026-09-03 10:31:00,896 [INFO] Cycle 36 done: 5/5 materialized, 0 showed new coverage, 5 injected, 0 error(s)
2026-09-03 10:36:01,010 [INFO] Triggering cycle 37 (plateau_secs=11515, queue_size=12551)
2026-09-03 10:37:08,564 [INFO] Cycle 37 done: 5/5 materialized, 0 showed new coverage, 5 injected, 0 error(s)
2026-09-03 10:42:08,711 [INFO] Triggering cycle 38 (plateau_secs=11878, queue_size=12551)
2026-09-03 10:43:28,303 [INFO] Cycle 38 done: 5/5 materialized, 0 showed new coverage, 5 injected, 0 error(s)
2026-09-03 10:48:28,404 [INFO] Triggering cycle 39 (plateau_secs=12241, queue_size=12551)
2026-09-03 10:49:31,553 [INFO] Cycle 39 done: 5/5 materialized, 0 showed new coverage, 5 injected, 0 error(s)
2026-09-03 10:54:31,633 [INFO] Triggering cycle 40 (plateau_secs=12603, queue_size=12551)
2026-09-03 10:55:32,843 [INFO] Cycle 40 done: 5/5 materialized, 0 showed new coverage, 5 injected, 0 error(s)
2026-09-03 11:00:32,965 [INFO] Triggering cycle 41 (plateau_secs=12966, queue_size=12551)
2026-09-03 11:01:37,326 [INFO] Cycle 41 done: 5/5 materialized, 0 showed new coverage, 5 injected, 0 error(s)
2026-09-03 11:06:37,455 [INFO] Triggering cycle 42 (plateau_secs=13329, queue_size=12551)
2026-09-03 11:07:53,642 [INFO] Cycle 42 done: 5/5 materialized, 0 showed new coverage, 5 injected, 0 error(s)
2026-09-03 11:12:53,761 [INFO] Triggering cycle 43 (plateau_secs=13753, queue_size=12551)
2026-09-03 11:13:55,503 [INFO] Cycle 43 done: 5/5 materialized, 0 showed new coverage, 5 injected, 0 error(s)
2026-09-03 11:18:55,672 [INFO] Triggering cycle 44 (plateau_secs=14117, queue_size=12551)
2026-09-03 11:20:02,937 [INFO] Cycle 44 done: 5/5 materialized, 0 showed new coverage, 5 injected, 0 error(s)
2026-09-03 11:25:03,071 [INFO] Triggering cycle 45 (plateau_secs=14479, queue_size=12551)
2026-09-03 11:26:06,485 [INFO] Cycle 45 done: 5/5 materialized, 0 showed new coverage, 5 injected, 0 error(s)
2026-09-03 11:31:06,638 [INFO] Triggering cycle 46 (plateau_secs=14842, queue_size=12551)
2026-09-03 11:32:10,943 [INFO] Cycle 46 done: 5/5 materialized, 0 showed new coverage, 5 injected, 0 error(s)
2026-09-03 11:37:11,055 [INFO] Triggering cycle 47 (plateau_secs=15205, queue_size=12551)
2026-09-03 11:38:26,944 [INFO] Cycle 47 done: 5/5 materialized, 0 showed new coverage, 5 injected, 0 error(s)
2026-09-03 11:43:27,039 [INFO] Triggering cycle 48 (plateau_secs=15568, queue_size=12551)
2026-09-03 11:44:31,323 [INFO] Cycle 48 done: 5/5 materialized, 0 showed new coverage, 5 injected, 0 error(s)
2026-09-03 11:49:31,414 [INFO] Triggering cycle 49 (plateau_secs=15931, queue_size=12551)
2026-09-03 11:50:34,964 [INFO] Cycle 49 done: 5/5 materialized, 0 showed new coverage, 5 injected, 0 error(s)
2026-09-03 11:55:35,099 [INFO] Triggering cycle 50 (plateau_secs=16293, queue_size=12551)
2026-09-03 11:56:40,104 [INFO] Cycle 50 done: 5/5 materialized, 0 showed new coverage, 5 injected, 0 error(s)
2026-09-03 12:01:40,289 [INFO] Triggering cycle 51 (plateau_secs=16656, queue_size=12551)
2026-09-03 12:02:45,894 [INFO] Cycle 51 done: 5/5 materialized, 0 showed new coverage, 5 injected, 0 error(s)
2026-09-03 12:07:45,994 [INFO] Triggering cycle 52 (plateau_secs=17019, queue_size=12551)
2026-09-03 12:09:10,382 [INFO] Cycle 52 done: 5/5 materialized, 0 showed new coverage, 5 injected, 0 error(s)
2026-09-03 12:14:10,626 [INFO] Triggering cycle 53 (plateau_secs=17382, queue_size=12551)
2026-09-03 12:15:40,324 [INFO] Cycle 53 done: 5/5 materialized, 0 showed new coverage, 5 injected, 0 error(s)
2026-09-03 12:20:40,433 [INFO] Triggering cycle 54 (plateau_secs=17805, queue_size=12551)
2026-09-03 12:21:50,616 [INFO] Cycle 54 done: 5/5 materialized, 0 showed new coverage, 5 injected, 0 error(s)
2026-09-03 12:26:50,679 [INFO] Triggering cycle 55 (plateau_secs=18168, queue_size=12551)
2026-09-03 12:28:00,104 [INFO] Cycle 55 done: 5/5 materialized, 0 showed new coverage, 5 injected, 0 error(s)
2026-09-03 12:33:00,264 [INFO] Triggering cycle 56 (plateau_secs=18531, queue_size=12551)
2026-09-03 12:34:05,899 [INFO] Cycle 56 done: 5/5 materialized, 0 showed new coverage, 5 injected, 0 error(s)
2026-09-03 12:39:05,980 [INFO] Triggering cycle 57 (plateau_secs=18894, queue_size=12551)
2026-09-03 12:40:12,605 [INFO] Cycle 57 done: 5/5 materialized, 0 showed new coverage, 5 injected, 0 error(s)
2026-09-03 12:45:12,738 [INFO] Triggering cycle 58 (plateau_secs=19259, queue_size=12551)
2026-09-03 12:46:18,699 [INFO] Cycle 58 done: 5/5 materialized, 0 showed new coverage, 5 injected, 0 error(s)
2026-09-03 12:51:18,873 [INFO] Triggering cycle 59 (plateau_secs=19622, queue_size=12551)
2026-09-03 12:52:24,300 [INFO] Cycle 59 done: 5/5 materialized, 0 showed new coverage, 5 injected, 0 error(s)
2026-09-03 12:57:24,416 [INFO] Triggering cycle 60 (plateau_secs=19985, queue_size=12551)
2026-09-03 12:58:31,220 [INFO] Cycle 60 done: 5/5 materialized, 0 showed new coverage, 5 injected, 0 error(s)
2026-09-03 13:03:31,368 [INFO] Triggering cycle 61 (plateau_secs=20347, queue_size=12551)
2026-09-03 13:04:38,946 [INFO] Cycle 61 done: 5/5 materialized, 0 showed new coverage, 5 injected, 0 error(s)
2026-09-03 13:09:39,072 [INFO] Triggering cycle 62 (plateau_secs=20710, queue_size=12551)
2026-09-03 13:10:45,078 [INFO] Cycle 62 done: 5/5 materialized, 0 showed new coverage, 5 injected, 0 error(s)
2026-09-03 13:15:45,250 [INFO] Triggering cycle 63 (plateau_secs=21073, queue_size=12551)
2026-09-03 13:16:55,242 [INFO] Cycle 63 done: 5/5 materialized, 0 showed new coverage, 5 injected, 0 error(s)
2026-09-03 13:21:56,101 [DEBUG] No cycle: plateau_secs=0 queue_size=12551 llm_calls=63
2026-09-03 13:26:56,216 [DEBUG] No cycle: plateau_secs=242 queue_size=12553 llm_calls=63
2026-09-03 13:31:56,326 [DEBUG] No cycle: plateau_secs=545 queue_size=12553 llm_calls=63
2026-09-03 13:36:56,461 [DEBUG] No cycle: plateau_secs=847 queue_size=12553 llm_calls=63
2026-09-03 13:41:56,665 [INFO] Triggering cycle 64 (plateau_secs=1151, queue_size=12553)
2026-09-03 13:43:50,000 [INFO] Cycle 64 done: 5/5 materialized, 0 showed new coverage, 5 injected, 0 error(s)
2026-09-03 13:48:50,211 [INFO] Triggering cycle 65 (plateau_secs=1575, queue_size=12553)
2026-09-03 13:50:29,798 [INFO] Cycle 65 done: 5/5 materialized, 0 showed new coverage, 5 injected, 0 error(s)
2026-09-03 13:55:29,961 [INFO] Triggering cycle 66 (plateau_secs=2001, queue_size=12553)
2026-09-03 13:57:18,368 [INFO] Cycle 66 done: 5/5 materialized, 0 showed new coverage, 5 injected, 0 error(s)
2026-09-03 14:02:18,681 [INFO] Triggering cycle 67 (plateau_secs=2365, queue_size=12553)
2026-09-03 14:04:02,717 [INFO] Cycle 67 done: 5/5 materialized, 0 showed new coverage, 5 injected, 0 error(s)
2026-09-03 14:09:03,016 [INFO] Triggering cycle 68 (plateau_secs=2792, queue_size=12553)
2026-09-03 14:10:50,313 [INFO] Cycle 68 done: 5/5 materialized, 0 showed new coverage, 5 injected, 0 error(s)
2026-09-03 14:15:50,448 [INFO] Triggering cycle 69 (plateau_secs=3217, queue_size=12553)
2026-09-03 14:18:00,375 [INFO] Cycle 69 done: 5/5 materialized, 0 showed new coverage, 5 injected, 0 error(s)
2026-09-03 14:23:00,744 [INFO] Triggering cycle 70 (plateau_secs=3644, queue_size=12553)
2026-09-03 14:25:04,308 [INFO] Cycle 70 done: 5/5 materialized, 0 showed new coverage, 5 injected, 0 error(s)
2026-09-03 14:30:04,779 [INFO] Triggering cycle 71 (plateau_secs=4068, queue_size=12553)
2026-09-03 14:31:54,199 [INFO] Cycle 71 done: 5/5 materialized, 0 showed new coverage, 5 injected, 0 error(s)
2026-09-03 14:36:54,375 [INFO] Triggering cycle 72 (plateau_secs=4492, queue_size=12553)
2026-09-03 14:38:52,393 [INFO] Cycle 72 done: 5/5 materialized, 0 showed new coverage, 5 injected, 0 error(s)
2026-09-03 14:43:52,684 [INFO] Triggering cycle 73 (plateau_secs=4857, queue_size=12553)
2026-09-03 14:45:58,730 [INFO] Cycle 73 done: 5/5 materialized, 0 showed new coverage, 5 injected, 0 error(s)
2026-09-03 14:50:59,206 [INFO] Triggering cycle 74 (plateau_secs=5283, queue_size=12553)
2026-09-03 14:52:45,538 [INFO] Cycle 74 done: 5/5 materialized, 0 showed new coverage, 5 injected, 0 error(s)
2026-09-03 14:57:45,889 [INFO] Triggering cycle 75 (plateau_secs=5709, queue_size=12553)
2026-09-03 14:58:59,173 [INFO] Cycle 75 done: 5/5 materialized, 0 showed new coverage, 5 injected, 0 error(s)
2026-09-03 15:03:59,307 [INFO] Triggering cycle 76 (plateau_secs=6072, queue_size=12553)
2026-09-03 15:06:07,218 [INFO] Cycle 76 done: 5/5 materialized, 0 showed new coverage, 5 injected, 0 error(s)
2026-09-03 15:11:07,340 [INFO] Triggering cycle 77 (plateau_secs=6496, queue_size=12553)
2026-09-03 15:12:30,045 [INFO] Cycle 77 done: 5/5 materialized, 0 showed new coverage, 5 injected, 0 error(s)
2026-09-03 15:17:30,141 [INFO] Triggering cycle 78 (plateau_secs=6919, queue_size=12553)
2026-09-03 15:18:56,827 [INFO] Cycle 78 done: 5/5 materialized, 0 showed new coverage, 5 injected, 0 error(s)
2026-09-03 15:23:56,909 [INFO] Triggering cycle 79 (plateau_secs=7282, queue_size=12553)
2026-09-03 15:25:12,402 [INFO] Cycle 79 done: 5/5 materialized, 0 showed new coverage, 5 injected, 0 error(s)
2026-09-03 15:30:12,668 [INFO] Triggering cycle 80 (plateau_secs=7645, queue_size=12553)
2026-09-03 15:31:39,988 [INFO] Cycle 80 done: 5/5 materialized, 0 showed new coverage, 5 injected, 0 error(s)
2026-09-03 15:36:40,111 [INFO] Triggering cycle 81 (plateau_secs=8068, queue_size=12553)
2026-09-03 15:37:55,439 [INFO] Cycle 81 done: 5/5 materialized, 0 showed new coverage, 5 injected, 0 error(s)
2026-09-03 15:42:55,531 [INFO] Triggering cycle 82 (plateau_secs=8431, queue_size=12553)
2026-09-03 15:44:08,967 [INFO] Cycle 82 done: 5/5 materialized, 0 showed new coverage, 5 injected, 0 error(s)
2026-09-03 15:49:09,088 [INFO] Triggering cycle 83 (plateau_secs=8794, queue_size=12553)
2026-09-03 15:50:56,848 [INFO] Cycle 83 done: 5/5 materialized, 0 showed new coverage, 5 injected, 0 error(s)
2026-09-03 15:55:56,949 [INFO] Triggering cycle 84 (plateau_secs=9218, queue_size=12553)
2026-09-03 15:57:08,323 [INFO] Cycle 84 done: 5/5 materialized, 0 showed new coverage, 5 injected, 0 error(s)
2026-09-03 16:02:08,428 [INFO] Triggering cycle 85 (plateau_secs=9582, queue_size=12553)
2026-09-03 16:03:44,662 [INFO] Cycle 85 done: 5/5 materialized, 0 showed new coverage, 5 injected, 0 error(s)
2026-09-03 16:08:44,816 [INFO] Triggering cycle 86 (plateau_secs=10005, queue_size=12553)
2026-09-03 16:10:49,446 [INFO] Cycle 86 done: 5/5 materialized, 0 showed new coverage, 5 injected, 0 error(s)
2026-09-03 16:15:49,560 [INFO] Triggering cycle 87 (plateau_secs=10429, queue_size=12553)
2026-09-03 16:17:05,620 [INFO] Cycle 87 done: 5/5 materialized, 0 showed new coverage, 5 injected, 0 error(s)
2026-09-03 16:22:05,765 [INFO] Triggering cycle 88 (plateau_secs=10792, queue_size=12553)
2026-09-03 16:23:39,621 [INFO] Cycle 88 done: 5/5 materialized, 0 showed new coverage, 5 injected, 0 error(s)
2026-09-03 16:28:39,779 [INFO] Triggering cycle 89 (plateau_secs=11155, queue_size=12553)
2026-09-03 16:30:00,039 [INFO] Cycle 89 done: 5/5 materialized, 0 showed new coverage, 5 injected, 0 error(s)
2026-09-03 16:35:00,121 [INFO] Triggering cycle 90 (plateau_secs=11579, queue_size=12553)
2026-09-03 16:36:14,393 [INFO] Cycle 90 done: 5/5 materialized, 0 showed new coverage, 5 injected, 0 error(s)
2026-09-03 16:41:14,497 [INFO] Triggering cycle 91 (plateau_secs=11941, queue_size=12553)
2026-09-03 16:42:29,172 [INFO] Cycle 91 done: 5/5 materialized, 0 showed new coverage, 5 injected, 0 error(s)
2026-09-03 16:47:29,269 [INFO] Triggering cycle 92 (plateau_secs=12305, queue_size=12553)
2026-09-03 16:49:01,460 [INFO] Cycle 92 done: 5/5 materialized, 0 showed new coverage, 5 injected, 0 error(s)
2026-09-03 16:54:01,634 [INFO] Triggering cycle 93 (plateau_secs=12668, queue_size=12553)
2026-09-03 16:55:17,656 [INFO] Cycle 93 done: 5/5 materialized, 0 showed new coverage, 5 injected, 0 error(s)
2026-09-03 17:00:17,764 [INFO] Triggering cycle 94 (plateau_secs=13092, queue_size=12553)
2026-09-03 17:01:38,582 [INFO] Cycle 94 done: 5/5 materialized, 0 showed new coverage, 5 injected, 0 error(s)
2026-09-03 17:06:38,752 [INFO] Triggering cycle 95 (plateau_secs=13455, queue_size=12553)
2026-09-03 17:08:17,714 [INFO] Cycle 95 done: 5/5 materialized, 0 showed new coverage, 5 injected, 0 error(s)
2026-09-03 17:13:17,795 [INFO] Triggering cycle 96 (plateau_secs=13878, queue_size=12553)
2026-09-03 17:14:33,925 [INFO] Cycle 96 done: 5/5 materialized, 0 showed new coverage, 5 injected, 0 error(s)
2026-09-03 17:19:34,037 [INFO] Triggering cycle 97 (plateau_secs=14242, queue_size=12553)
2026-09-03 17:20:48,153 [INFO] Cycle 97 done: 5/5 materialized, 0 showed new coverage, 5 injected, 0 error(s)
2026-09-03 17:25:48,262 [INFO] Triggering cycle 98 (plateau_secs=14605, queue_size=12553)
2026-09-03 17:27:05,950 [INFO] Cycle 98 done: 5/5 materialized, 0 showed new coverage, 5 injected, 0 error(s)
2026-09-03 17:32:06,067 [INFO] Triggering cycle 99 (plateau_secs=14967, queue_size=12553)
2026-09-03 17:33:38,016 [INFO] Cycle 99 done: 5/5 materialized, 0 showed new coverage, 5 injected, 0 error(s)
2026-09-03 17:38:38,100 [INFO] Triggering cycle 100 (plateau_secs=15390, queue_size=12555)
2026-09-03 17:40:06,096 [INFO] Cycle 100 done: 5/5 materialized, 0 showed new coverage, 5 injected, 0 error(s)
2026-09-03 17:45:06,229 [INFO] Triggering cycle 101 (plateau_secs=15753, queue_size=12555)
2026-09-03 17:46:20,823 [INFO] Cycle 101 done: 5/5 materialized, 0 showed new coverage, 5 injected, 0 error(s)
2026-09-03 17:51:20,980 [INFO] Triggering cycle 102 (plateau_secs=16116, queue_size=12555)
2026-09-03 17:52:39,542 [INFO] Cycle 102 done: 5/5 materialized, 0 showed new coverage, 5 injected, 0 error(s)
2026-09-03 17:57:39,738 [INFO] Triggering cycle 103 (plateau_secs=16539, queue_size=12555)
2026-09-03 17:59:14,321 [INFO] Cycle 103 done: 5/5 materialized, 0 showed new coverage, 5 injected, 0 error(s)
2026-09-03 18:04:14,414 [INFO] Triggering cycle 104 (plateau_secs=16902, queue_size=12555)
2026-09-03 18:05:32,181 [INFO] Cycle 104 done: 5/5 materialized, 0 showed new coverage, 5 injected, 0 error(s)
2026-09-03 18:10:32,268 [INFO] Triggering cycle 105 (plateau_secs=17265, queue_size=12555)
2026-09-03 18:11:53,726 [INFO] Cycle 105 done: 5/5 materialized, 0 showed new coverage, 5 injected, 0 error(s)
2026-09-03 18:16:53,863 [INFO] Triggering cycle 106 (plateau_secs=17689, queue_size=12555)
2026-09-03 18:18:25,775 [INFO] Cycle 106 done: 5/5 materialized, 0 showed new coverage, 5 injected, 0 error(s)
2026-09-03 18:23:25,894 [INFO] Triggering cycle 107 (plateau_secs=18051, queue_size=12555)
2026-09-03 18:24:49,939 [INFO] Cycle 107 done: 5/5 materialized, 0 showed new coverage, 5 injected, 0 error(s)
2026-09-03 18:29:50,042 [INFO] Triggering cycle 108 (plateau_secs=18475, queue_size=12555)
2026-09-03 18:31:05,462 [INFO] Cycle 108 done: 5/5 materialized, 0 showed new coverage, 5 injected, 0 error(s)
2026-09-03 18:36:05,569 [INFO] Triggering cycle 109 (plateau_secs=18837, queue_size=12555)
2026-09-03 18:37:35,631 [INFO] Cycle 109 done: 5/5 materialized, 0 showed new coverage, 5 injected, 0 error(s)
2026-09-03 18:42:35,748 [INFO] Triggering cycle 110 (plateau_secs=19200, queue_size=12555)
2026-09-03 18:43:53,809 [INFO] Cycle 110 done: 5/5 materialized, 0 showed new coverage, 5 injected, 0 error(s)
2026-09-03 18:48:53,908 [INFO] Triggering cycle 111 (plateau_secs=19563, queue_size=12555)
2026-09-03 18:50:10,900 [INFO] Cycle 111 done: 5/5 materialized, 0 showed new coverage, 5 injected, 0 error(s)
2026-09-03 18:55:11,095 [INFO] Triggering cycle 112 (plateau_secs=19986, queue_size=12555)
2026-09-03 18:56:29,361 [INFO] Cycle 112 done: 5/5 materialized, 0 showed new coverage, 5 injected, 0 error(s)
2026-09-03 19:01:29,463 [INFO] Triggering cycle 113 (plateau_secs=20348, queue_size=12555)
2026-09-03 19:02:48,266 [INFO] Cycle 113 done: 5/5 materialized, 0 showed new coverage, 5 injected, 0 error(s)
2026-09-03 19:07:48,406 [INFO] Triggering cycle 114 (plateau_secs=20711, queue_size=12555)
2026-09-03 19:09:08,890 [INFO] Cycle 114 done: 5/5 materialized, 0 showed new coverage, 5 injected, 0 error(s)
2026-09-03 19:14:08,999 [INFO] Triggering cycle 115 (plateau_secs=21074, queue_size=12555)
2026-09-03 19:15:26,953 [INFO] Cycle 115 done: 5/5 materialized, 0 showed new coverage, 5 injected, 0 error(s)
2026-09-03 19:20:27,056 [INFO] Triggering cycle 116 (plateau_secs=21498, queue_size=12555)
2026-09-03 19:21:46,805 [INFO] Cycle 116 done: 5/5 materialized, 0 showed new coverage, 5 injected, 0 error(s)
2026-09-03 19:26:46,888 [INFO] Triggering cycle 117 (plateau_secs=21861, queue_size=12555)
2026-09-03 19:28:07,209 [INFO] Cycle 117 done: 5/5 materialized, 0 showed new coverage, 5 injected, 0 error(s)
2026-09-03 19:33:07,367 [INFO] Triggering cycle 118 (plateau_secs=22224, queue_size=12555)
2026-09-03 19:34:26,078 [INFO] Cycle 118 done: 5/5 materialized, 0 showed new coverage, 5 injected, 0 error(s)
2026-09-03 19:39:26,270 [INFO] Triggering cycle 119 (plateau_secs=22647, queue_size=12555)
2026-09-03 19:40:45,899 [INFO] Cycle 119 done: 5/5 materialized, 0 showed new coverage, 5 injected, 0 error(s)
2026-09-03 19:45:46,039 [INFO] Triggering cycle 120 (plateau_secs=23010, queue_size=12555)
2026-09-03 19:47:07,773 [INFO] Cycle 120 done: 5/5 materialized, 0 showed new coverage, 5 injected, 0 error(s)
2026-09-03 19:52:07,935 [INFO] Triggering cycle 121 (plateau_secs=23373, queue_size=12555)
2026-09-03 19:53:27,425 [INFO] Cycle 121 done: 5/5 materialized, 0 showed new coverage, 5 injected, 0 error(s)
2026-09-03 19:58:27,588 [INFO] Triggering cycle 122 (plateau_secs=23735, queue_size=12555)
2026-09-03 19:59:48,880 [INFO] Cycle 122 done: 5/5 materialized, 0 showed new coverage, 5 injected, 0 error(s)
2026-09-03 20:04:49,053 [INFO] Triggering cycle 123 (plateau_secs=24160, queue_size=12555)
2026-09-03 20:06:07,497 [INFO] Cycle 123 done: 5/5 materialized, 0 showed new coverage, 5 injected, 0 error(s)
2026-09-03 20:11:07,625 [INFO] Triggering cycle 124 (plateau_secs=24523, queue_size=12555)
2026-09-03 20:12:26,689 [INFO] Cycle 124 done: 5/5 materialized, 0 showed new coverage, 5 injected, 0 error(s)
2026-09-03 20:17:26,853 [INFO] Triggering cycle 125 (plateau_secs=24886, queue_size=12555)
2026-09-03 20:18:49,510 [INFO] Cycle 125 done: 5/5 materialized, 0 showed new coverage, 5 injected, 0 error(s)
2026-09-03 20:23:49,662 [INFO] Triggering cycle 126 (plateau_secs=25311, queue_size=12555)
2026-09-03 20:25:10,388 [INFO] Cycle 126 done: 5/5 materialized, 0 showed new coverage, 5 injected, 0 error(s)
2026-09-03 20:30:10,473 [INFO] Triggering cycle 127 (plateau_secs=25674, queue_size=12555)
2026-09-03 20:31:33,269 [INFO] Cycle 127 done: 5/5 materialized, 0 showed new coverage, 5 injected, 0 error(s)
2026-09-03 20:36:33,376 [INFO] Triggering cycle 128 (plateau_secs=26036, queue_size=12555)
2026-09-03 20:36:39,299 [WARNING] [cycle_0128] Expected 5 fenced blocks, parsed 2
2026-09-03 20:37:41,627 [INFO] Cycle 128 done: 2/2 materialized, 0 showed new coverage, 2 injected, 1 error(s)
2026-09-03 20:42:41,697 [INFO] Triggering cycle 129 (plateau_secs=26399, queue_size=12555)
2026-09-03 20:44:03,728 [INFO] Cycle 129 done: 5/5 materialized, 0 showed new coverage, 5 injected, 0 error(s)
2026-09-03 20:49:03,818 [INFO] Triggering cycle 130 (plateau_secs=26822, queue_size=12555)
2026-09-03 20:50:25,679 [INFO] Cycle 130 done: 5/5 materialized, 0 showed new coverage, 5 injected, 0 error(s)
2026-09-03 20:55:25,799 [INFO] Triggering cycle 131 (plateau_secs=27185, queue_size=12555)
2026-09-03 20:56:49,357 [INFO] Cycle 131 done: 5/5 materialized, 0 showed new coverage, 5 injected, 0 error(s)
2026-09-03 21:01:49,471 [INFO] Triggering cycle 132 (plateau_secs=27548, queue_size=12555)
2026-09-03 21:03:10,543 [INFO] Cycle 132 done: 5/5 materialized, 0 showed new coverage, 5 injected, 0 error(s)
2026-09-03 21:08:10,759 [INFO] Triggering cycle 133 (plateau_secs=27972, queue_size=12555)
2026-09-03 21:09:31,324 [INFO] Cycle 133 done: 5/5 materialized, 0 showed new coverage, 5 injected, 0 error(s)
2026-09-03 21:14:31,408 [INFO] Triggering cycle 134 (plateau_secs=28335, queue_size=12555)
2026-09-03 21:15:54,974 [INFO] Cycle 134 done: 5/5 materialized, 0 showed new coverage, 5 injected, 0 error(s)
2026-09-03 21:20:55,118 [INFO] Triggering cycle 135 (plateau_secs=28699, queue_size=12555)
2026-09-03 21:22:23,741 [INFO] Cycle 135 done: 5/5 materialized, 0 showed new coverage, 5 injected, 0 error(s)
2026-09-03 21:27:23,902 [INFO] Triggering cycle 136 (plateau_secs=29123, queue_size=12555)
2026-09-03 21:28:51,462 [INFO] Cycle 136 done: 5/5 materialized, 0 showed new coverage, 5 injected, 0 error(s)
2026-09-03 21:33:51,593 [INFO] Triggering cycle 137 (plateau_secs=29487, queue_size=12555)
2026-09-03 21:35:15,674 [INFO] Cycle 137 done: 5/5 materialized, 0 showed new coverage, 5 injected, 0 error(s)
2026-09-03 21:40:15,796 [INFO] Triggering cycle 138 (plateau_secs=29850, queue_size=12555)
2026-09-03 21:41:38,808 [INFO] Cycle 138 done: 5/5 materialized, 0 showed new coverage, 5 injected, 0 error(s)
2026-09-03 21:46:38,976 [INFO] Triggering cycle 139 (plateau_secs=30273, queue_size=12555)
2026-09-03 21:48:03,691 [INFO] Cycle 139 done: 5/5 materialized, 0 showed new coverage, 5 injected, 0 error(s)
2026-09-03 21:53:03,842 [INFO] Triggering cycle 140 (plateau_secs=30636, queue_size=12555)
2026-09-03 21:54:29,562 [INFO] Cycle 140 done: 5/5 materialized, 0 showed new coverage, 5 injected, 0 error(s)
2026-09-03 21:59:29,790 [INFO] Triggering cycle 141 (plateau_secs=30999, queue_size=12555)
2026-09-03 22:00:54,945 [INFO] Cycle 141 done: 5/5 materialized, 0 showed new coverage, 5 injected, 0 error(s)
2026-09-03 22:05:55,071 [INFO] Triggering cycle 142 (plateau_secs=31422, queue_size=12555)
2026-09-03 22:07:19,729 [INFO] Cycle 142 done: 5/5 materialized, 0 showed new coverage, 5 injected, 0 error(s)
2026-09-03 22:12:19,865 [INFO] Triggering cycle 143 (plateau_secs=31785, queue_size=12555)
2026-09-03 22:13:44,810 [INFO] Cycle 143 done: 5/5 materialized, 0 showed new coverage, 5 injected, 0 error(s)
2026-09-03 22:18:44,878 [INFO] Triggering cycle 144 (plateau_secs=32209, queue_size=12555)
2026-09-03 22:20:11,934 [INFO] Cycle 144 done: 5/5 materialized, 0 showed new coverage, 5 injected, 0 error(s)
2026-09-03 22:25:12,071 [INFO] Triggering cycle 145 (plateau_secs=32573, queue_size=12555)
2026-09-03 22:26:43,902 [INFO] Cycle 145 done: 5/5 materialized, 0 showed new coverage, 5 injected, 0 error(s)
2026-09-03 22:31:44,077 [INFO] Triggering cycle 146 (plateau_secs=32936, queue_size=12555)
2026-09-03 22:33:12,247 [INFO] Cycle 146 done: 5/5 materialized, 0 showed new coverage, 5 injected, 0 error(s)
2026-09-03 22:38:12,391 [INFO] Triggering cycle 147 (plateau_secs=33360, queue_size=12555)
2026-09-03 22:39:39,060 [INFO] Cycle 147 done: 5/5 materialized, 0 showed new coverage, 5 injected, 0 error(s)
2026-09-03 22:44:39,220 [INFO] Triggering cycle 148 (plateau_secs=33722, queue_size=12555)
2026-09-03 22:46:05,703 [INFO] Cycle 148 done: 5/5 materialized, 0 showed new coverage, 5 injected, 0 error(s)
2026-09-03 22:51:05,844 [INFO] Triggering cycle 149 (plateau_secs=34145, queue_size=12555)
2026-09-03 22:52:35,160 [INFO] Cycle 149 done: 5/5 materialized, 0 showed new coverage, 5 injected, 0 error(s)
2026-09-03 22:57:35,285 [INFO] Triggering cycle 150 (plateau_secs=34508, queue_size=12555)
2026-09-03 22:59:01,424 [INFO] Cycle 150 done: 5/5 materialized, 0 showed new coverage, 5 injected, 0 error(s)
2026-09-03 23:04:01,520 [INFO] Triggering cycle 151 (plateau_secs=34871, queue_size=12555)
2026-09-03 23:05:28,555 [INFO] Cycle 151 done: 5/5 materialized, 0 showed new coverage, 5 injected, 0 error(s)
2026-09-03 23:10:28,789 [INFO] Triggering cycle 152 (plateau_secs=35295, queue_size=12555)
2026-09-03 23:11:59,958 [INFO] Cycle 152 done: 5/5 materialized, 0 showed new coverage, 5 injected, 0 error(s)
2026-09-03 23:17:00,064 [INFO] Triggering cycle 153 (plateau_secs=35658, queue_size=12555)
2026-09-03 23:18:28,891 [INFO] Cycle 153 done: 5/5 materialized, 0 showed new coverage, 5 injected, 0 error(s)
2026-09-03 23:23:29,072 [INFO] Triggering cycle 154 (plateau_secs=36081, queue_size=12555)
2026-09-03 23:24:57,151 [INFO] Cycle 154 done: 5/5 materialized, 0 showed new coverage, 5 injected, 0 error(s)
2026-09-03 23:29:57,248 [INFO] Triggering cycle 155 (plateau_secs=36443, queue_size=12555)
2026-09-03 23:31:24,048 [INFO] Cycle 155 done: 5/5 materialized, 0 showed new coverage, 5 injected, 0 error(s)
2026-09-03 23:36:24,226 [INFO] Triggering cycle 156 (plateau_secs=36867, queue_size=12555)
2026-09-03 23:37:55,881 [INFO] Cycle 156 done: 5/5 materialized, 0 showed new coverage, 5 injected, 0 error(s)
2026-09-03 23:42:56,003 [INFO] Triggering cycle 157 (plateau_secs=37229, queue_size=12555)
2026-09-03 23:44:24,329 [INFO] Cycle 157 done: 5/5 materialized, 0 showed new coverage, 5 injected, 0 error(s)
2026-09-03 23:49:24,427 [INFO] Triggering cycle 158 (plateau_secs=37592, queue_size=12555)
2026-09-03 23:50:50,138 [INFO] Cycle 158 done: 5/5 materialized, 0 showed new coverage, 5 injected, 0 error(s)
2026-09-03 23:55:50,365 [INFO] Triggering cycle 159 (plateau_secs=38018, queue_size=12555)
2026-09-03 23:57:23,638 [INFO] Cycle 159 done: 5/5 materialized, 0 showed new coverage, 5 injected, 0 error(s)
2026-09-04 00:02:23,772 [INFO] Triggering cycle 160 (plateau_secs=38381, queue_size=12555)
2026-09-04 00:03:53,304 [INFO] Cycle 160 done: 5/5 materialized, 0 showed new coverage, 5 injected, 0 error(s)
2026-09-04 00:08:53,441 [INFO] Triggering cycle 161 (plateau_secs=38805, queue_size=12555)
2026-09-04 00:10:28,479 [INFO] Cycle 161 done: 5/5 materialized, 0 showed new coverage, 5 injected, 0 error(s)
2026-09-04 00:15:28,591 [INFO] Triggering cycle 162 (plateau_secs=39168, queue_size=12555)
2026-09-04 00:17:02,646 [INFO] Cycle 162 done: 5/5 materialized, 0 showed new coverage, 5 injected, 0 error(s)
2026-09-04 00:22:02,802 [INFO] Triggering cycle 163 (plateau_secs=39593, queue_size=12555)
2026-09-04 00:23:32,811 [INFO] Cycle 163 done: 5/5 materialized, 0 showed new coverage, 5 injected, 0 error(s)
2026-09-04 00:28:32,932 [INFO] Triggering cycle 164 (plateau_secs=39956, queue_size=12555)
2026-09-04 00:30:08,498 [INFO] Cycle 164 done: 5/5 materialized, 0 showed new coverage, 5 injected, 0 error(s)
2026-09-04 00:34:35,104 [INFO] Run xml-run-20260903-062004 ended: 164 cycles | generated 817 | materialized 817 | new-coverage 1 | injected 817
